{
 "geometry.py": "788e10eb6973668e84370c13a8bd7b16dc9e712f6fa681c7386e15e9b1d1abff",
 "irreps.py": "cbc7f4481706a08d7ca0229914980e773125c642da616e867580fe1620b5a149",
 "fem.py": "209fba67eecf8c2b6ecaa432aafda3c6a161024d83d14a060809b81ca2e1061d",
 "nonlinear.py": "f00ca41c1406d123dac4384cd2f7336410be49e851426db15cad79da3102a060",
 "standing.py": "455cfc94f4bb10b97eaf0c426c86cb933e32fd7b199b00fc153bcad88fde5efb",
 "linearize.py": "7cca177bf0c8efc344cc76d2cbcee94f0a96987ae9f3c0895ae64f2f705eed58",
 "integrate.py": "3c137e773f7890478b2495d6b466dc167c2aeffc4a8d179a0b7775b9b6b58096",
 "symmetry.py": "c6bbb178dd9103ab5b2f168c6df8cd923b4c57bd8432215b1b9d4a5bef5aae19",
 "pinned.py": "d4d9606d620986ae562063d6275fcb7c78df569d725f0607b89a0237b56f5b31",
 "continuation.py": "f0117f59de69376ac130017005d9d5ae9d7bccd356ba7ac018ead14777b6cbcb",
 "verdict.py": "17dcd3571480abd99a58c6c75903e911e0a87343e9fe138318c9537538f29864",
 "persistence.py": "49d9856961b39b0c5077951c70e94c9325f2eae83f6cb863053c574053a12946",
 "m815_common.py": "dc48c8aa5da834dc3aaf43fffda060bf08c5ef83cfc19dfa431cd48f6805aa3a",
 "m815_controls.py": "dfe12487e5a8c495aeb7d30121fcd63e5d2e70f7c7b0154f69fdda76d95b783c",
 "m815_branch.py": "0693617814bc28dc2549ebc017710370505eeb3e61035de845a44c26e8891c7e",
 "m815_freeze.py": "6a47bf4376aadd589243408b6d925c1910c649080dd1df85075fa5135320a866",
 "m8_15_math/outside3_krein.py": "94ba627cfc455d20cae34ef761f191bcfbf89e170748545d30f72d3a8b7d89e5",
 "m8_15_math/outside3_krein.out": "ad01a27c993793eac968ec7ccba25499f15eaf42b10ff58234ea7079313a42b1",
 "m8_15_math/analyse.py": "971f1a755cc9b3b329552e299f2e6f09a8851121b3e975e30015ffac9242c5a0",
 "m8_15_math/core.py": "3507004f47d3bcc248012335e4e20e70c47cae118e9aa2a87cf85f9cc62f86b3",
 "m8_15_math/outside3_p.npy": "027a797c805be453c8ea0cc1ca8c9eeb4d276d7e765a7979e1daf09954e82f0d",
 "out/freeze_numbers.json": "c46b102c5ded4a78667dfb0e87e1311d729b006cb1362c6aeb91cbe1b9fe369f",
 "out/orientations.json": "21b1f19161058da22a074acdc12150c8650ce60c7cdc9a86bc6622fc452290a1"
}
