  L3 eps 0.25: cluster 6/4 ok=False; Krein 0,0,0 vs 0 balanced; zero-crossing False; lifted max 1.14e-04; peak resident 5.9 GB
  L3 eps 0.3536: cluster 6/4 ok=False; Krein 0,0,0 vs 0 balanced; zero-crossing False; lifted max 1.59e-04; peak resident 6.0 GB
  L3 eps 0.5: cluster 6/4 ok=False; Krein 0,0,0 vs 0 balanced; zero-crossing False; lifted max 2.21e-04; peak resident 6.1 GB
  L3 eps 0.7071: cluster 6/4 ok=False; Krein 0,0,0 vs 0 balanced; zero-crossing False; lifted max 3.07e-04; peak resident 6.6 GB
  L3 eps 1: cluster 6/4 ok=False; Krein 0,0,0 vs 0 balanced; zero-crossing False; lifted max 4.27e-04; peak resident 6.6 GB
  L3 eps 1.414: cluster 6/4 ok=False; Krein 0,0,0 vs 0 balanced; zero-crossing False; lifted max 5.93e-04; peak resident 6.6 GB
  L3 eps 2: cluster 6/4 ok=False; Krein 0,0,0 vs 0 balanced; zero-crossing False; lifted max 8.20e-04; peak resident 6.6 GB
  L3 eps 2.828: cluster 6/4 ok=False; Krein 0,0,0 vs 0 balanced; zero-crossing False; lifted max 1.13e-03; peak resident 6.6 GB
  L3 eps 4: cluster 6/4 ok=False; Krein 0,0,0 vs 0 balanced; zero-crossing False; lifted max 1.53e-03; peak resident 6.9 GB
  L3 eps 5.657: cluster 6/4 ok=False; Krein 0,0,0 vs 0 balanced; zero-crossing False; lifted max 2.06e-03; peak resident 7.3 GB
  L3 eps 8: cluster 6/4 ok=False; Krein 0,0,0 vs 0 balanced; zero-crossing False; lifted max 2.71e-03; peak resident 8.5 GB
  L3 eps 11.31: cluster 6/4 ok=False; Krein 0,0,0 vs 0 balanced; zero-crossing False; lifted max 3.48e-03; peak resident 8.5 GB
  L3 eps 16: cluster 6/4 ok=False; Krein 0,0,0 vs 0 balanced; zero-crossing False; lifted max 4.33e-03; peak resident 8.5 GB
  L3 eps 22.63: cluster 6/4 ok=False; Krein 0,0,0 vs 0 balanced; zero-crossing False; lifted max 5.20e-03; peak resident 8.5 GB
  L3 eps 32: cluster 6/4 ok=False; Krein 0,0,0 vs 0 balanced; zero-crossing False; lifted max 5.97e-03; peak resident 8.5 GB
  validity at eps_min: INVALID BRANCH (worst 1.218%)
  L2 eps 0.25: cluster 6/4 ok=False; S dim 14, gap 519; peak resident 8.5 GB
  L2 eps 0.3536: cluster 6/4 ok=False; S dim 14, gap 367; peak resident 8.5 GB
  L2 eps 0.5: cluster 6/4 ok=False; S dim 14, gap 260; peak resident 8.5 GB
  L2 eps 0.7071: cluster 6/4 ok=False; S dim 14, gap 184; peak resident 8.5 GB
  L2 eps 1: cluster 6/4 ok=False; S dim 14, gap 131; peak resident 8.5 GB
  L2 eps 1.414: cluster 6/4 ok=False; S dim 14, gap 93; peak resident 8.5 GB
  L2 eps 2: cluster 6/4 ok=False; S dim 14, gap 66.2; peak resident 8.5 GB
  L2 eps 2.828: cluster 6/4 ok=False; S dim 14, gap 47.3; peak resident 8.5 GB
  L2 eps 4: cluster 6/4 ok=False; S dim 14, gap 33.9; peak resident 8.5 GB
  L2 eps 5.657: cluster 6/4 ok=False; S dim 14, gap 24.5; peak resident 8.5 GB
  L2 eps 8: cluster 6/4 ok=False; S dim 14, gap 17.8; peak resident 8.5 GB
  L2 eps 11.31: cluster 6/4 ok=False; S dim 14, gap 13.1; peak resident 8.5 GB
  L2 eps 16: cluster 6/4 ok=False; S dim 14, gap 9.72; peak resident 8.5 GB
  L2 eps 22.63: cluster 6/4 ok=False; S dim 14, gap 7.34; peak resident 8.5 GB
  L2 eps 32: cluster 6/4 ok=False; S dim 14, gap 5.46; peak resident 8.5 GB
  eps 0.25: Unresolved (cluster check, paired lifted mode above tau0)
  eps 0.3536: Unresolved (cluster check, paired lifted mode above tau0)
  eps 0.5: Unresolved (cluster check, paired lifted mode above tau0)
  eps 0.7071: Unresolved (cluster check, paired lifted mode above tau0)
  eps 1: Unresolved (cluster check, paired lifted mode above tau0)
  eps 1.414: Unresolved (cluster check, paired lifted mode above tau0)
  eps 2: Unresolved (cluster check, paired lifted mode above tau0)
  eps 2.828: Unresolved (cluster check, paired lifted mode above tau0)
  eps 4: Unresolved (cluster check, paired lifted mode above tau0)
  eps 5.657: Unresolved (cluster check, paired lifted mode above tau0)
  eps 8: Unresolved (cluster check, paired lifted mode above tau0)
  eps 11.31: Unresolved (cluster check, paired lifted mode above tau0)
  eps 16: Unresolved (cluster check, paired lifted mode above tau0)
  eps 22.63: Unresolved (cluster check, paired lifted mode above tau0)
  eps 32: Unresolved (cluster check, paired lifted mode above tau0)
  persistence scheduled 4: Not reached
  persistence scheduled 16: Not reached
