eps      F        t0 (twisted bottom)   declared curve       rel gap     lower bound          upper bound          t1 - 2
  1e-01   3.6822  0.359014232361762  0.362751787720014   1.03e-02  0.266010763236213  0.392078871954996  -7.83e-02
  1e-02   5.9913  0.198867539858803  0.198895058070230   1.38e-04  0.166853420802401  0.210834088772722  -1.50e-03
  1e-03   8.2940  0.136634650201763  0.136634889444272   1.75e-06  0.120567860845303  0.142715844053802  -2.19e-05
  1e-04  10.5966  0.104000178246665  0.104000180457875   2.13e-08  0.094369577886614  0.107666310373711  -2.88e-07
  1e-06  15.2018  0.070351107452590  0.070351107452754   2.33e-12  0.065781662461475  0.072100060890778  -4.06e-11
  1e-08  19.8070  0.053144902947555  0.053144902947482   1.38e-12  0.050487264950614  0.054164711520439  +4.50e-12
  1e-10  24.4121  0.042698966151363  0.042698966151271   2.14e-12  0.040963216795461  0.043365996062563  +7.07e-12
  1e-12  29.0173  0.035684104622717  0.035684104622607   3.09e-12  0.034462181754579  0.036154119789385  +9.70e-12
eps      |t_k - u_k| for k = 0, 1, 2, 3                          twisted t0..t3
  1e-01  3.590142e-01  1.230591e+00  2.398442e+00  3.839570e+00    0.359014232  1.921702293  8.081375295  11.254233570
  1e-02  1.988675e-01  6.359972e-01  1.140720e+00  1.697318e+00    0.198867540  1.998502772  7.133979916  11.982513662
  1e-03  1.366347e-01  4.283760e-01  7.503553e-01  1.093131e+00    0.136634650  1.999978118  6.750253374  11.999728636
  1e-04  1.040002e-01  3.227482e-01  5.587386e-01  8.060401e-01    0.104000178  1.999999712  6.558737212  11.999996319
  1e-06  7.035111e-02  2.159887e-01  3.693782e-01  5.276024e-01    0.070351107  2.000000000  6.369378248  11.999999999
  1e-08  5.314490e-02  1.622546e-01  2.757448e-01  3.918940e-01    0.053144903  2.000000000  6.275744843  12.000000000
  1e-10  4.269897e-02  1.299183e-01  2.199477e-01  3.116545e-01    0.042698966  2.000000000  6.219947718  12.000000000
  1e-12  3.568410e-02  1.083248e-01  1.829197e-01  2.586678e-01    0.035684105  2.000000000  6.182919738  12.000000000
PASS V1 methods A and B agree on the levels to relative 1e-8
PASS V2 the s-integration lands on the seam to 1e-9
PASS C1 the twisted bottom lies between Proposition 1's bounds
PASS C2 the twisted bottom is within relative 1e-3 of the declared curve
PASS C3 the next twisted level is within 1e-3 of 2
PASS C4 the twisted and untwisted levels merge as eps decreases
ARM FIRED V1 methods A and B agree on the levels to relative 1e-8 [bad-eps]
ARM FIRED V2 the s-integration lands on the seam to 1e-9 [overshoot]
ARM FIRED C1 the twisted bottom lies between Proposition 1's bounds [shift-bottom]
ARM FIRED C2 the twisted bottom is within relative 1e-3 of the declared curve [first-order-curve]
ARM FIRED C3 the next twisted level is within 1e-3 of 2 [wrong-level]
ARM FIRED C4 the twisted and untwisted levels merge as eps decreases [no-merge]
