 l   CAMB/Planck - 1   (lensed; unlensed/lensed - 1)
 2   -0.00117   (-3.2e-06)
 3   -0.00180   (-6.8e-06)
 4   -0.00181   (-1.2e-05)
 5   -0.00189   (-1.9e-05)
 6   -0.00193   (-2.7e-05)
 7   -0.00212  > 2e-3   (-3.7e-05)
 8   -0.00222  > 2e-3   (-4.8e-05)
 9   -0.00210  > 2e-3   (-6.0e-05)
10   -0.00196   (-7.3e-05)
11   -0.00154   (-8.7e-05)
12   -0.00181   (-1.0e-04)
13   -0.00156   (-1.2e-04)
14   -0.00080   (-1.3e-04)
15   -0.00015   (-1.5e-04)
16   +0.00010   (-1.7e-04)
17   -0.00007   (-1.8e-04)
18   -0.00105   (-2.0e-04)
19   -0.00120   (-2.2e-04)
20   -0.00128   (-2.4e-04)
21   -0.00117   (-2.6e-04)
22   -0.00105   (-2.8e-04)
23   -0.00119   (-2.9e-04)
24   -0.00134   (-3.1e-04)
25   -0.00125   (-3.3e-04)
26   -0.00121   (-3.5e-04)
27   -0.00112   (-3.7e-04)
28   -0.00107   (-3.9e-04)
29   -0.00112   (-4.0e-04)
max |dev| 0.00222 at l = 8; multipoles above 2e-3: [7, 8, 9]

configuration CAMB actually used:
  H0 67.3330  ombh2 0.02237737  omch2 0.1201035  omnuh2 0.000645  YHe 0.24543  TCMB 2.7255
  num_nu_massive 1  num_nu_massless 2.0313  nu_mass_eigenstates 1  degeneracies [1.0146666666666666]  fractions [1.0]  numbers [1]  share_delta_neff False
  Reion: class: <TanhReionization>
 Reionization = True
 include_heating = False
 reion_temperature = 10000.0
 use_optical_depth = True
 redshift = 10.0
 optical_depth = 0.05430138
 fraction = -1.0
 include_helium_fullreion = True
 helium_redshift = 3.5
 helium_delta_redshift = 0.4
 helium_redshiftstart = 5.5
 tau_solve_accuracy_boost = 1.0
 timestep_boost = 1.0
 max_redshift = 50.0
 delta_redshift = 0.5
 
  derived: zstar 1089.9, zdrag 1060, thetastar 1.0411
  z_re 10.0000
  lSampleBoost 1.0  AccuracyBoost 1.0  lAccuracyBoost 1.0
