 l   run 1      run 2      shift      run 1 lensing   shift larger than run 1's lensing correction
 2   -0.00117   +0.00036   +0.00153   -3.2e-06        yes
 3   -0.00180   -0.00072   +0.00108   -6.8e-06        yes
 4   -0.00181   -0.00110   +0.00071   -1.2e-05        yes
 5   -0.00189   -0.00144   +0.00045   -1.9e-05        yes
 6   -0.00193   -0.00165   +0.00028   -2.7e-05        yes
 7   -0.00212   -0.00196   +0.00016   -3.7e-05        yes
 8   -0.00222   -0.00216   +0.00006   -4.8e-05        yes
 9   -0.00210   -0.00211   -0.00001   -6.0e-05        
10   -0.00196   -0.00200   -0.00004   -7.3e-05        
11   -0.00154   -0.00158   -0.00004   -8.7e-05        
12   -0.00181   -0.00184   -0.00003   -1.0e-04        
13   -0.00156   -0.00162   -0.00006   -1.2e-04        
14   -0.00080   -0.00091   -0.00011   -1.3e-04        
15   -0.00015   -0.00026   -0.00011   -1.5e-04        
16   +0.00010   -0.00003   -0.00013   -1.7e-04        
17   -0.00007   -0.00025   -0.00018   -1.8e-04        
18   -0.00105   -0.00123   -0.00018   -2.0e-04        
19   -0.00120   -0.00137   -0.00017   -2.2e-04        
20   -0.00128   -0.00148   -0.00020   -2.4e-04        
21   -0.00117   -0.00141   -0.00024   -2.6e-04        
22   -0.00105   -0.00131   -0.00026   -2.8e-04        
23   -0.00119   -0.00143   -0.00024   -2.9e-04        
24   -0.00134   -0.00153   -0.00019   -3.1e-04        
25   -0.00125   -0.00146   -0.00021   -3.3e-04        
26   -0.00121   -0.00154   -0.00033   -3.5e-04        
27   -0.00112   -0.00162   -0.00050   -3.7e-04        yes
28   -0.00107   -0.00169   -0.00062   -3.9e-04        yes
29   -0.00112   -0.00175   -0.00063   -4.0e-04        yes
run 2 above 2e-3 at l = [8, 9]; shift between -0.00063 and +0.00153; larger than run 1's lensing correction at 10 of 28 multipoles
