      t =    99.0: d 8.713e-04, d_perp 8.713e-04, d_rot 1.115e-06, reference 9.6e-14
      t =   199.0: d 8.770e-04, d_perp 8.770e-04, d_rot 9.947e-07, reference 1.4e-13
      t =   299.0: d 8.809e-04, d_perp 8.809e-04, d_rot 6.497e-07, reference 1.5e-13
      t =   399.0: d 8.725e-04, d_perp 8.725e-04, d_rot 6.564e-07, reference 1.9e-13
      t =   499.0: d 8.768e-04, d_perp 8.768e-04, d_rot 9.428e-07, reference 2.5e-13
      t =   599.0: d 8.723e-04, d_perp 8.723e-04, d_rot 1.194e-06, reference 2.9e-13
      t =   699.0: d 8.706e-04, d_perp 8.706e-04, d_rot 7.123e-07, reference 3.2e-13
      t =   799.0: d 8.714e-04, d_perp 8.714e-04, d_rot 2.294e-07, reference 3.8e-13
      t =   899.0: d 8.686e-04, d_perp 8.686e-04, d_rot 7.357e-07, reference 4.3e-13
      t =   999.0: d 8.794e-04, d_perp 8.794e-04, d_rot 4.113e-07, reference 4.7e-13
{
 "verdict": "Persists",
 "valid": true,
 "valid_under_v6_energy_rule": false,
 "read_until": 999.0145486861588,
 "max_d": 0.000999836836409005,
 "max_dperp": 0.0009998368936998316,
 "max_drot": 1.78783652932435e-06,
 "max_dref": 4.671694869646264e-13,
 "charge_drift": 1.0552442141686022e-13,
 "energy_drift": 1.8971124859240158e-06,
 "energy_pert": 1.9143237478822624e-05,
 "energy_dev_vs_pert": 0.09910092208920844,
 "energy_secular_drift": 0.0011683740106362601,
 "t_fail": null,
 "drot_at_fail": null,
 "r": -2.3592239273284576e-16,
 "dt": 0.008196840682372199,
 "direction": "split",
 "initial_energy_norm": 0.00100006862129332,
 "seconds": 4855.767929077148,
 "level2_rates": [
  [
   -1.4311468676808659e-16,
   0.012066626484190462
  ],
  [
   -2.0383000842727483e-16,
   0.018070774081340373
  ],
  [
   -2.0296264668928643e-16,
   0.03610801510821665
  ],
  [
   -3.720981855970251e-16,
   0.05432962229757658
  ],
  [
   -6.132247487578013e-16,
   0.0601845898791001
  ]
 ],
 "cluster_dim": 6,
 "eps": 1.0
}
