C1, C2: the whole-shell kernel sin(a t)/(a sin t), a = N + 1
  <k^2> = (a - 1)*(a + 1) = N(N+2): PASS
  <k^4> - <k^2>^2 = -4*(a - 1)*(a + 1)/3 = -(4/3) N(N+2): PASS
C1, C2: anisotropic shell functions, a sum of Re (c . x)^N over four null vectors
  N =  3: f(0) = 2.060660; second-order coefficient -6.0910 along x, -9.4550 along z; C1 PASS, C2 PASS
  N =  4: f(0) = 1.750000; second-order coefficient -9.5000 along x, -12.5000 along z; C1 PASS, C2 PASS
  N = 12: f(0) = 1.046875; second-order coefficient -72.2812 along x, -12.4688 along z; C1 PASS, C2 PASS
C3: fourth-order shortfall with <k^2> = lam held (two-point spectra at k^2 = lam +- d)
  N = 12: shortfall 224, 225, 240, 480 at d = 0, 1, 4, 16; least at d = 0 and never zero: PASS
C4: figures
  N = 12: k_N R = 12.9615; (N+1)/(k_N R) - 1 = 0.00297; fourth-order curvature mismatch relative to lam^2 = 0.00794; width 1/(sqrt3 R) relative to k_N = 0.0445
  N = 20: k_N R = 20.9762; (N+1)/(k_N R) - 1 = 0.00114; fourth-order curvature mismatch relative to lam^2 = 0.00303; width 1/(sqrt3 R) relative to k_N = 0.0275
  N = 30: k_N R = 30.9839; (N+1)/(k_N R) - 1 = 0.00052; fourth-order curvature mismatch relative to lam^2 = 0.00139; width 1/(sqrt3 R) relative to k_N = 0.0186
  route A, R = 6130 Mpc: first shell lands at k_12 chi* = 29.306; the conformal center moves it by 0.087; the width 1/(sqrt3 R) is 1.305 in k chi*
  route B, R = 19700 Mpc: first shell lands at k_12 chi* = 9.119; the conformal center moves it by 0.027; the width 1/(sqrt3 R) is 0.406 in k chi*
C5: what a width does to the phase
  mean of cos 2x over a normal width s is cos(2 xbar) exp(-2 s^2), below 1e-12: PASS
  route A first shell, s = 0.2295, l = 2: oscillating part of j_l^2 kept 0.8937 (exp(-2 s^2) = 0.9000; unsmeared deviation from the mean +0.648 of it)
  route A first shell, s = 0.2295, l = 5: oscillating part of j_l^2 kept 0.9014 (exp(-2 s^2) = 0.9000; unsmeared deviation from the mean -0.999 of it)
  route A first shell, s = 0.2295, l = 6: oscillating part of j_l^2 kept 0.9096 (exp(-2 s^2) = 0.9000; unsmeared deviation from the mean +0.985 of it)
  route A first shell, s = 1.3050, l = 2: oscillating part of j_l^2 kept 0.0288 (exp(-2 s^2) = 0.0332; unsmeared deviation from the mean +0.648 of it)
  route A first shell, s = 1.3050, l = 5: oscillating part of j_l^2 kept 0.0178 (exp(-2 s^2) = 0.0332; unsmeared deviation from the mean -0.999 of it)
  route A first shell, s = 1.3050, l = 6: oscillating part of j_l^2 kept 0.0665 (exp(-2 s^2) = 0.0332; unsmeared deviation from the mean +0.985 of it)
  j_l^2 ratios within 0.05 of exp(-2 s^2): PASS
  the phase keeps 90% for k chi* widths up to 0.2295
  run-2 report sha256 8e1ae946ee3ecf885be4dcd1bd9b88b2a774f078642f4bbb84dbaf4dd67e5ce6
  route A: below the landing (l <= 29) the first shell's share of C_l runs from 0.0100 at l = 13 to 0.8240 at l = 22; 90% phase width relative to k_12 = 0.0078; at 1/(sqrt3 R) the phase keeps 0.033
  route B: below the landing (l <= 9) the first shell's share of C_l runs from 0.0171 at l = 5 to 0.8421 at l = 7; 90% phase width relative to k_12 = 0.0252; at 1/(sqrt3 R) the phase keeps 0.719
arms
  arm: coefficient 1 in place of 4/3 (C2)         RED
  arm: non-eigenfunction (C1)                     RED
  arm: shortfall sign flipped (C3)                RED
  arm: exp(-s^2/2) in place of exp(-2 s^2) (C5)   RED
0 claims failed; 4/4 arms red
